---
source: fcc/src/preprocessor_tests.rs
assertion_line: 64
expression: "pp(\"#define FOO 1\\n#undef FOO\\nint x = FOO;\")"
---
[
    KwInt,
    Whitespace(
        " ",
    ),
    Identifier(
        "x",
    ),
    Whitespace(
        " ",
    ),
    Assign,
    Whitespace(
        " ",
    ),
    Identifier(
        "FOO",
    ),
    Semicolon,
]
