---
source: fcc/src/lexer_tests.rs
expression: tokens
---
[
    KwInt,
    Whitespace(
        " ",
    ),
    Identifier(
        "main",
    ),
    LParen,
    RParen,
    Whitespace(
        " ",
    ),
    LBrace,
    Whitespace(
        " ",
    ),
    KwReturn,
    Whitespace(
        " ",
    ),
    IntegerLiteral(
        APInt {
            width: 1,
            signed: false,
            value: 0,
        },
    ),
    Semicolon,
    Whitespace(
        " ",
    ),
    RBrace,
]
