---
source: backends/common/src/lexer.rs
expression: tokens.unwrap()
---
[
    Text,
    Global,
    Ident(
        "_start",
    ),
    Label(
        "_start",
    ),
    Ident(
        "inst1",
    ),
    Ident(
        "r1",
    ),
    Comma,
    Ident(
        "r2",
    ),
    Comma,
    Ident(
        "r3",
    ),
    Ident(
        "ret",
    ),
]
